// Jest Snapshot v1, https://goo.gl/fbAQLP

exports[`render counter 1`] = `
.c1 {
  display: -webkit-box;
  display: -webkit-flex;
  display: -ms-flexbox;
  display: flex;
  -webkit-flex-direction: row;
  -ms-flex-direction: row;
  flex-direction: row;
}

.c4 {
  display: -webkit-box;
  display: -webkit-flex;
  display: -ms-flexbox;
  display: flex;
  -webkit-flex-direction: row;
  -ms-flex-direction: row;
  flex-direction: row;
  width: 100px;
}

.c0 {
  display: -webkit-box;
  display: -webkit-flex;
  display: -ms-flexbox;
  display: flex;
  -webkit-flex-direction: row;
  -ms-flex-direction: row;
  flex-direction: row;
  -webkit-box-pack: justify;
  -webkit-justify-content: space-between;
  -ms-flex-pack: justify;
  justify-content: space-between;
  margin-top: 5px;
  height: 30px;
}

.c2 {
  width: 30px;
  border: 0px solid black;
  border-radius: 1em 0em 0em 1em;
  background-color: #FF4136;
  margin-right: 2px;
}

.c2:hover {
  margin-right: 10px;
}

.c3 {
  margin-top: 6px;
  text-align: center;
}

.c5 {
  width: 20px;
  border: 0px;
  border-radius: 1em 0em 0em 1em;
}

.c5:hover {
  background-color: #7FDBFF;
}

.c6 {
  text-align: center;
  margin-top: 6px;
  width: 50px;
}

.c7 {
  width: 20px;
  border: 0px;
  border-radius: 0em 1em 1em 0em;
}

.c7:hover {
  background-color: #7FDBFF;
}

<div
  className="c0"
>
  <div
    className="c1"
  >
    <button
      className="c2"
      onClick={[Function]}
    >
      x
    </button>
    <span
      className="c3"
    >
      test
    </span>
  </div>
  <div
    className="c4"
    width="100px"
  >
    <button
      className="c5"
      onClick={[Function]}
    >
      -
    </button>
    <span
      className="c6"
    >
      1
    </span>
    <button
      className="c7"
      onClick={[Function]}
    >
      +
    </button>
  </div>
</div>
`;
