// Jest Snapshot v1, https://goo.gl/fbAQLP

exports[`render total count 1`] = `
.c0 {
  display: -webkit-box;
  display: -webkit-flex;
  display: -ms-flexbox;
  display: flex;
  -webkit-box-pack: end;
  -webkit-justify-content: flex-end;
  -ms-flex-pack: end;
  justify-content: flex-end;
  margin: 10px 0px 0px 0px;
  -webkit-flex-direction: row;
  -ms-flex-direction: row;
  flex-direction: row;
}

.c1 {
  margin-left: 10px;
}

<div
  className="c0"
>
  Total:
  <span
    className="c1"
  >
    10
  </span>
</div>
`;
